Factories:
0: Y Y L
1: 
2: 
3: 
4: 
5: 

Score for Jon: 0
Mosaic for Jon:
1:         B || . . . . .
2:       B B || . . . . .
3:     . Y Y || . . . . .
4:   . . . U || . . . . .
5: . . R R R || . . . . .
broken:

Score for Robb: 0
Mosaic for Robb:
1:         . || . . . . .
2:       U U || . . . . .
3:     . R R || . . . . .
4:   . U U U || . . . . .
5: . . L L L || . . . . .
broken: F
