Factories:
0: F
1: R Y L B
2: B U R Y
3: L Y Y B
4: R B L Y
5: B B L B

Score for Player Armin: 28
Mosaic for Armin:
1:         . || B . . U L
2:       . . || . B Y R U
3:     . B B || . L . . R
4:   . . . . || R U L . .
5: . Y Y Y Y || . R . . .
broken:

Score for Player Stuart: 23
Mosaic for Stuart:
1:         . || B Y . . .
2:       . . || L B . . U
3:     . . . || U . . Y R
4:   . . . . || . . L . Y
5: . . . . . || . . U . B
broken:
