Factories:
0: F
1: B U Y Y
2: Y U B B
3: L B U U
4: U R U L
5: L L B B

Score for Player A1: 19
Mosaic for A1:
1:         . || . Y . . L
2:       . . || . B . . U
3:     . . . || U L . . R
4:   . . . . || R . . . Y
5: . . R R R || Y . . . .
broken:

Score for Player B1: 9
Mosaic for B1:
1:         . || B . . U L
2:       . B || . . Y . .
3:     . . . || U . . . R
4:   . . . . || . . L . .
5: . . . . . || Y R . . .
broken:

