Factories:
0:  
1: 
2: 
3: 
4: 
5: 

Score for Abby: 0
Mosaic for Abby:
1:         . || . Y . . L
2:       . . || . . Y R .
3:     . . . || U . B . .
4:   . . U U || . . . . .
5: . . . . . || Y . . . .
broken: F
Score for Josh: 0
Mosaic for Josh:
1:         . || B . . . L
2:       . . || . . Y R .
3:     . . . || . L . . R
4:   . . R R || . . . . .
5: . . . . . || . . . L .
broken: 