Factories:
0: R L B U U L Y B R
1: 
2: 
3:
4: 
5: 

Score for Chris: 0
Mosaic for Chris:
1:         L || . . . . .
2:       Y Y || . . . . .
3:     U U U || . . . . .
4:   . . . . || . . . . .
5: . . . . . || . . . . .
broken:

Score for Amy: 0
Mosaic for Amy:
1:         . || . . . . .
2:       B B || . . . . .
3:     R R R || . . . . .
4:   . . . . || . . . . .
5: . . . . . || . . . . .
broken: F
